Archive member included to satisfy reference by file (symbol)

/home/lab3090/st/stm32cubeide_1.19.0_2/plugins/com.st.stm32cube.ide.mcu.externaltools.gnu-tools-for-stm32.13.3.rel1.linux64_1.0.0.202410170706/tools/bin/../lib/gcc/arm-none-eabi/13.3.1/../../../../arm-none-eabi/lib/thumb/v7-m/nofp/libc_nano.a(libc_a-exit.o)
                              /home/lab3090/st/stm32cubeide_1.19.0_2/plugins/com.st.stm32cube.ide.mcu.externaltools.gnu-tools-for-stm32.13.3.rel1.linux64_1.0.0.202410170706/tools/bin/../lib/gcc/arm-none-eabi/13.3.1/../../../../arm-none-eabi/lib/thumb/v7-m/nofp/crt0.o (exit)
/home/lab3090/st/stm32cubeide_1.19.0_2/plugins/com.st.stm32cube.ide.mcu.externaltools.gnu-tools-for-stm32.13.3.rel1.linux64_1.0.0.202410170706/tools/bin/../lib/gcc/arm-none-eabi/13.3.1/../../../../arm-none-eabi/lib/thumb/v7-m/nofp/libc_nano.a(libc_a-findfp.o)
                              /home/lab3090/st/stm32cubeide_1.19.0_2/plugins/com.st.stm32cube.ide.mcu.externaltools.gnu-tools-for-stm32.13.3.rel1.linux64_1.0.0.202410170706/tools/bin/../lib/gcc/arm-none-eabi/13.3.1/../../../../arm-none-eabi/lib/thumb/v7-m/nofp/libc_nano.a(libc_a-exit.o) (__stdio_exit_handler)
/home/lab3090/st/stm32cubeide_1.19.0_2/plugins/com.st.stm32cube.ide.mcu.externaltools.gnu-tools-for-stm32.13.3.rel1.linux64_1.0.0.202410170706/tools/bin/../lib/gcc/arm-none-eabi/13.3.1/../../../../arm-none-eabi/lib/thumb/v7-m/nofp/libc_nano.a(libc_a-fwalk.o)
                              /home/lab3090/st/stm32cubeide_1.19.0_2/plugins/com.st.stm32cube.ide.mcu.externaltools.gnu-tools-for-stm32.13.3.rel1.linux64_1.0.0.202410170706/tools/bin/../lib/gcc/arm-none-eabi/13.3.1/../../../../arm-none-eabi/lib/thumb/v7-m/nofp/libc_nano.a(libc_a-findfp.o) (_fwalk_sglue)
/home/lab3090/st/stm32cubeide_1.19.0_2/plugins/com.st.stm32cube.ide.mcu.externaltools.gnu-tools-for-stm32.13.3.rel1.linux64_1.0.0.202410170706/tools/bin/../lib/gcc/arm-none-eabi/13.3.1/../../../../arm-none-eabi/lib/thumb/v7-m/nofp/libc_nano.a(libc_a-sprintf.o)
                              ./Core/Src/main.o (sprintf)
/home/lab3090/st/stm32cubeide_1.19.0_2/plugins/com.st.stm32cube.ide.mcu.externaltools.gnu-tools-for-stm32.13.3.rel1.linux64_1.0.0.202410170706/tools/bin/../lib/gcc/arm-none-eabi/13.3.1/../../../../arm-none-eabi/lib/thumb/v7-m/nofp/libc_nano.a(libc_a-stdio.o)
                              /home/lab3090/st/stm32cubeide_1.19.0_2/plugins/com.st.stm32cube.ide.mcu.externaltools.gnu-tools-for-stm32.13.3.rel1.linux64_1.0.0.202410170706/tools/bin/../lib/gcc/arm-none-eabi/13.3.1/../../../../arm-none-eabi/lib/thumb/v7-m/nofp/libc_nano.a(libc_a-findfp.o) (__sread)
/home/lab3090/st/stm32cubeide_1.19.0_2/plugins/com.st.stm32cube.ide.mcu.externaltools.gnu-tools-for-stm32.13.3.rel1.linux64_1.0.0.202410170706/tools/bin/../lib/gcc/arm-none-eabi/13.3.1/../../../../arm-none-eabi/lib/thumb/v7-m/nofp/libc_nano.a(libc_a-memset.o)
                              /home/lab3090/st/stm32cubeide_1.19.0_2/plugins/com.st.stm32cube.ide.mcu.externaltools.gnu-tools-for-stm32.13.3.rel1.linux64_1.0.0.202410170706/tools/bin/../lib/gcc/arm-none-eabi/13.3.1/../../../../arm-none-eabi/lib/thumb/v7-m/nofp/crt0.o (memset)
/home/lab3090/st/stm32cubeide_1.19.0_2/plugins/com.st.stm32cube.ide.mcu.externaltools.gnu-tools-for-stm32.13.3.rel1.linux64_1.0.0.202410170706/tools/bin/../lib/gcc/arm-none-eabi/13.3.1/../../../../arm-none-eabi/lib/thumb/v7-m/nofp/libc_nano.a(libc_a-closer.o)
                              /home/lab3090/st/stm32cubeide_1.19.0_2/plugins/com.st.stm32cube.ide.mcu.externaltools.gnu-tools-for-stm32.13.3.rel1.linux64_1.0.0.202410170706/tools/bin/../lib/gcc/arm-none-eabi/13.3.1/../../../../arm-none-eabi/lib/thumb/v7-m/nofp/libc_nano.a(libc_a-stdio.o) (_close_r)
/home/lab3090/st/stm32cubeide_1.19.0_2/plugins/com.st.stm32cube.ide.mcu.externaltools.gnu-tools-for-stm32.13.3.rel1.linux64_1.0.0.202410170706/tools/bin/../lib/gcc/arm-none-eabi/13.3.1/../../../../arm-none-eabi/lib/thumb/v7-m/nofp/libc_nano.a(libc_a-reent.o)
                              /home/lab3090/st/stm32cubeide_1.19.0_2/plugins/com.st.stm32cube.ide.mcu.externaltools.gnu-tools-for-stm32.13.3.rel1.linux64_1.0.0.202410170706/tools/bin/../lib/gcc/arm-none-eabi/13.3.1/../../../../arm-none-eabi/lib/thumb/v7-m/nofp/libc_nano.a(libc_a-closer.o) (errno)
/home/lab3090/st/stm32cubeide_1.19.0_2/plugins/com.st.stm32cube.ide.mcu.externaltools.gnu-tools-for-stm32.13.3.rel1.linux64_1.0.0.202410170706/tools/bin/../lib/gcc/arm-none-eabi/13.3.1/../../../../arm-none-eabi/lib/thumb/v7-m/nofp/libc_nano.a(libc_a-impure.o)
                              /home/lab3090/st/stm32cubeide_1.19.0_2/plugins/com.st.stm32cube.ide.mcu.externaltools.gnu-tools-for-stm32.13.3.rel1.linux64_1.0.0.202410170706/tools/bin/../lib/gcc/arm-none-eabi/13.3.1/../../../../arm-none-eabi/lib/thumb/v7-m/nofp/libc_nano.a(libc_a-sprintf.o) (_impure_ptr)
[...]
Memory Configuration

Name             Origin             Length             Attributes
RAM              0x20000000         0x00005000         xrw
FLASH            0x08000000         0x00010000         xr
*default*        0x00000000         0xffffffff

Linker script and memory map

LOAD /home/lab3090/st/stm32cubeide_1.19.0_2/plugins/com.st.stm32cube.ide.mcu.externaltools.gnu-tools-for-stm32.13.3.rel1.linux64_1.0.0.202410170706/tools/bin/../lib/gcc/arm-none-eabi/13.3.1/thumb/v7-m/nofp/crti.o
LOAD /home/lab3090/st/stm32cubeide_1.19.0_2/plugins/com.st.stm32cube.ide.mcu.externaltools.gnu-tools-for-stm32.13.3.rel1.linux64_1.0.0.202410170706/tools/bin/../lib/gcc/arm-none-eabi/13.3.1/thumb/v7-m/nofp/crtbegin.o
LOAD /home/lab3090/st/stm32cubeide_1.19.0_2/plugins/com.st.stm32cube.ide.mcu.externaltools.gnu-tools-for-stm32.13.3.rel1.linux64_1.0.0.202410170706/tools/bin/../lib/gcc/arm-none-eabi/13.3.1/../../../../arm-none-eabi/lib/thumb/v7-m/nofp/crt0.o
LOAD ./Core/Src/dma.o
LOAD ./Core/Src/gpio.o
LOAD ./Core/Src/main.o
LOAD ./Core/Src/stm32f1xx_hal_msp.o
LOAD ./Core/Src/stm32f1xx_it.o
LOAD ./Core/Src/sys.o
LOAD ./Core/Src/syscalls.o
LOAD ./Core/Src/sysmem.o
LOAD ./Core/Src/system_stm32f1xx.o
LOAD ./Core/Src/tim.o
LOAD ./Core/Src/uart_protocol.o
LOAD ./Core/Src/usart.o
LOAD ./Core/Startup/startup_stm32f103c8tx.o
LOAD ./Drivers/STM32F1xx_HAL_Driver/Src/stm32f1xx_hal.o
LOAD ./Drivers/STM32F1xx_HAL_Driver/Src/stm32f1xx_hal_cortex.o
LOAD ./Drivers/STM32F1xx_HAL_Driver/Src/stm32f1xx_hal_dma.o
LOAD ./Drivers/STM32F1xx_HAL_Driver/Src/stm32f1xx_hal_exti.o
LOAD ./Drivers/STM32F1xx_HAL_Driver/Src/stm32f1xx_hal_flash.o
LOAD ./Drivers/STM32F1xx_HAL_Driver/Src/stm32f1xx_hal_flash_ex.o
LOAD ./Drivers/STM32F1xx_HAL_Driver/Src/stm32f1xx_hal_gpio.o
LOAD ./Drivers/STM32F1xx_HAL_Driver/Src/stm32f1xx_hal_gpio_ex.o
LOAD ./Drivers/STM32F1xx_HAL_Driver/Src/stm32f1xx_hal_pwr.o
LOAD ./Drivers/STM32F1xx_HAL_Driver/Src/stm32f1xx_hal_rcc.o
LOAD ./Drivers/STM32F1xx_HAL_Driver/Src/stm32f1xx_hal_rcc_ex.o
LOAD ./Drivers/STM32F1xx_HAL_Driver/Src/stm32f1xx_hal_tim.o
LOAD ./Drivers/STM32F1xx_HAL_Driver/Src/stm32f1xx_hal_tim_ex.o
LOAD ./Drivers/STM32F1xx_HAL_Driver/Src/stm32f1xx_hal_uart.o
START GROUP
LOAD /home/lab3090/st/stm32cubeide_1.19.0_2/plugins/com.st.stm32cube.ide.mcu.externaltools.gnu-tools-for-stm32.13.3.rel1.linux64_1.0.0.202410170706/tools/bin/../lib/gcc/arm-none-eabi/13.3.1/../../../../arm-none-eabi/lib/thumb/v7-m/nofp/libc_nano.a
LOAD /home/lab3090/st/stm32cubeide_1.19.0_2/plugins/com.st.stm32cube.ide.mcu.externaltools.gnu-tools-for-stm32.13.3.rel1.linux64_1.0.0.202410170706/tools/bin/../lib/gcc/arm-none-eabi/13.3.1/../../../../arm-none-eabi/lib/thumb/v7-m/nofp/libm.a
END GROUP
START GROUP
LOAD /home/lab3090/st/stm32cubeide_1.19.0_2/plugins/com.st.stm32cube.ide.mcu.externaltools.gnu-tools-for-stm32.13.3.rel1.linux64_1.0.0.202410170706/tools/bin/../lib/gcc/arm-none-eabi/13.3.1/thumb/v7-m/nofp/libgcc.a
LOAD /home/lab3090/st/stm32cubeide_1.19.0_2/plugins/com.st.stm32cube.ide.mcu.externaltools.gnu-tools-for-stm32.13.3.rel1.linux64_1.0.0.202410170706/tools/bin/../lib/gcc/arm-none-eabi/13.3.1/../../../../arm-none-eabi/lib/thumb/v7-m/nofp/libc_nano.a
END GROUP
START GROUP
LOAD /home/lab3090/st/stm32cubeide_1.19.0_2/plugins/com.st.stm32cube.ide.mcu.externaltools.gnu-tools-for-stm32.13.3.rel1.linux64_1.0.0.202410170706/tools/bin/../lib/gcc/arm-none-eabi/13.3.1/thumb/v7-m/nofp/libgcc.a
LOAD /home/lab3090/st/stm32cubeide_1.19.0_2/plugins/com.st.stm32cube.ide.mcu.externaltools.gnu-tools-for-stm32.13.3.rel1.linux64_1.0.0.202410170706/tools/bin/../lib/gcc/arm-none-eabi/13.3.1/../../../../arm-none-eabi/lib/thumb/v7-m/nofp/libc_nano.a
LOAD /home/lab3090/st/stm32cubeide_1.19.0_2/plugins/com.st.stm32cube.ide.mcu.externaltools.gnu-tools-for-stm32.13.3.rel1.linux64_1.0.0.202410170706/tools/bin/../lib/gcc/arm-none-eabi/13.3.1/../../../../arm-none-eabi/lib/thumb/v7-m/nofp/libnosys.a
END GROUP
START GROUP
LOAD /home/lab3090/st/stm32cubeide_1.19.0_2/plugins/com.st.stm32cube.ide.mcu.externaltools.gnu-tools-for-stm32.13.3.rel1.linux64_1.0.0.202410170706/tools/bin/../lib/gcc/arm-none-eabi/13.3.1/thumb/v7-m/nofp/libgcc.a
LOAD /home/lab3090/st/stm32cubeide_1.19.0_2/plugins/com.st.stm32cube.ide.mcu.externaltools.gnu-tools-for-stm32.13.3.rel1.linux64_1.0.0.202410170706/tools/bin/../lib/gcc/arm-none-eabi/13.3.1/../../../../arm-none-eabi/lib/thumb/v7-m/nofp/libc_nano.a
LOAD /home/lab3090/st/stm32cubeide_1.19.0_2/plugins/com.st.stm32cube.ide.mcu.externaltools.gnu-tools-for-stm32.13.3.rel1.linux64_1.0.0.202410170706/tools/bin/../lib/gcc/arm-none-eabi/13.3.1/../../../../arm-none-eabi/lib/thumb/v7-m/nofp/libnosys.a
END GROUP
LOAD /home/lab3090/st/stm32cubeide_1.19.0_2/plugins/com.st.stm32cube.ide.mcu.externaltools.gnu-tools-for-stm32.13.3.rel1.linux64_1.0.0.202410170706/tools/bin/../lib/gcc/arm-none-eabi/13.3.1/thumb/v7-m/nofp/crtend.o
LOAD /home/lab3090/st/stm32cubeide_1.19.0_2/plugins/com.st.stm32cube.ide.mcu.externaltools.gnu-tools-for-stm32.13.3.rel1.linux64_1.0.0.202410170706/tools/bin/../lib/gcc/arm-none-eabi/13.3.1/thumb/v7-m/nofp/crtn.o
                0x20005000                        _estack = (ORIGIN (RAM) + LENGTH (RAM))
                0x00000200                        _Min_Heap_Size = 0x200
                0x00000400                        _Min_Stack_Size = 0x400

.isr_vector     0x08000000      0x10c
                0x08000000                        . = ALIGN (0x4)
 *(.isr_vector)
 .isr_vector    0x08000000      0x10c ./Core/Startup/startup_stm32f103c8tx.o
                0x08000000                g_pfnVectors
                0x0800010c                        . = ALIGN (0x4)

.text           0x0800010c     0x3c84
                0x0800010c                        . = ALIGN (0x4)
 *(.text)
 .text          0x0800010c       0x40 /home/lab3090/st/stm32cubeide_1.19.0_2/plugins/com.st.stm32cube.ide.mcu.externaltools.gnu-tools-for-stm32.13.3.rel1.linux64_1.0.0.202410170706/tools/bin/../lib/gcc/arm-none-eabi/13.3.1/thumb/v7-m/nofp/crtbegin.o
 *(.text*)
 .text.MX_DMA_Init
                0x0800014c       0x3c ./Core/Src/dma.o
                0x0800014c                MX_DMA_Init
 .text.MX_GPIO_Init
                0x08000188       0xd4 ./Core/Src/gpio.o
                0x08000188                MX_GPIO_Init
 .text.main     0x0800025c       0x48 ./Core/Src/main.o
                0x0800025c                main
 .text.SystemClock_Config
                0x080002a4       0x8a ./Core/Src/main.o
                0x080002a4                SystemClock_Config
 .text.xlSeriesStart
                0x0800032e       0x54 ./Core/Src/main.o
                0x0800032e                xlSeriesStart
 *fill*         0x08000382        0x2 
 .text.xlSeriesSetDirection
                0x08000384       0x34 ./Core/Src/main.o
                0x08000384                xlSeriesSetDirection
 .text.xlSeriesSendFrame
                0x080003b8       0x3c ./Core/Src/main.o
                0x080003b8                xlSeriesSendFrame
 .text.updateCRC
                0x080003f4       0x64 ./Core/Src/main.o
                0x080003f4                updateCRC
 .text.xlSeriesLed
                0x08000458       0x68 ./Core/Src/main.o
                0x08000458                xlSeriesLed
 .text.xlSeriesControlMode
                0x080004c0       0x60 ./Core/Src/main.o
                0x080004c0                xlSeriesControlMode
 .text.xl320SendPosition
                0x08000520       0x6c ./Core/Src/main.o
                0x08000520                xl320SendPosition
 .text.xl320ReadPosition
                0x0800058c       0xac ./Core/Src/main.o
                0x0800058c                xl320ReadPosition
 .text.verifyPositionPacket
                0x08000638       0x4c ./Core/Src/main.o
                0x08000638                verifyPositionPacket
 .text.Control9Servos
                0x08000684       0xc0 ./Core/Src/main.o
                0x08000684                Control9Servos
 .text.Read9ServosAndSend_Protocol
                0x08000744      0x16c ./Core/Src/main.o
                0x08000744                Read9ServosAndSend_Protocol
 .text.xl320SendMovingSpeed
                0x080008b0       0x6c ./Core/Src/main.o
                0x080008b0                xl320SendMovingSpeed
 .text.Error_Handler
                0x0800091c        0xc ./Core/Src/main.o
                0x0800091c                Error_Handler
 .text.HAL_MspInit
                0x08000928       0x64 ./Core/Src/stm32f1xx_hal_msp.o
                0x08000928                HAL_MspInit
 .text.NMI_Handler
                0x0800098c        0x8 ./Core/Src/stm32f1xx_it.o
                0x0800098c                NMI_Handler
 .text.HardFault_Handler
                0x08000994        0x8 ./Core/Src/stm32f1xx_it.o
                0x08000994                HardFault_Handler
 .text.MemManage_Handler
                0x0800099c        0x8 ./Core/Src/stm32f1xx_it.o
                0x0800099c                MemManage_Handler
 .text.BusFault_Handler
                0x080009a4        0x8 ./Core/Src/stm32f1xx_it.o
                0x080009a4                BusFault_Handler
 .text.UsageFault_Handler
                0x080009ac        0x8 ./Core/Src/stm32f1xx_it.o
                0x080009ac                UsageFault_Handler
 .text.SVC_Handler
                0x080009b4        0xc ./Core/Src/stm32f1xx_it.o
                0x080009b4                SVC_Handler
 .text.DebugMon_Handler
                0x080009c0        0xc ./Core/Src/stm32f1xx_it.o
                0x080009c0                DebugMon_Handler
 .text.PendSV_Handler
                0x080009cc        0xc ./Core/Src/stm32f1xx_it.o
                0x080009cc                PendSV_Handler
 .text.SysTick_Handler
                0x080009d8       0x78 ./Core/Src/stm32f1xx_it.o
                0x080009d8                SysTick_Handler
 .text.DMA1_Channel5_IRQHandler
                0x08000a50       0x14 ./Core/Src/stm32f1xx_it.o
                0x08000a50                DMA1_Channel5_IRQHandler
 .text.USART1_IRQHandler
                0x08000a64       0x6c ./Core/Src/stm32f1xx_it.o
                0x08000a64                USART1_IRQHandler
 .text.USART2_IRQHandler
                0x08000ad0       0x14 ./Core/Src/stm32f1xx_it.o
                0x08000ad0                USART2_IRQHandler
 .text.USART3_IRQHandler
                0x08000ae4       0x14 ./Core/Src/stm32f1xx_it.o
                0x08000ae4                USART3_IRQHandler
 .text.sched_task
                0x08000af8       0x4c ./Core/Src/sys.o
 .text.system_task_schedule
                0x08000b44       0x44 ./Core/Src/sys.o
                0x08000b44                system_task_schedule
 .text.SystemInit
                0x08000b88        0xc ./Core/Src/system_stm32f1xx.o
                0x08000b88                SystemInit
 .text.MX_TIM1_Init
                0x08000b94       0xa0 ./Core/Src/tim.o
                0x08000b94                MX_TIM1_Init
 .text.HAL_TIM_Base_MspInit
                0x08000c34       0x3c ./Core/Src/tim.o
                0x08000c34                HAL_TIM_Base_MspInit
 .text.data_decode_v2
                0x08000c70      0x1e4 ./Core/Src/uart_protocol.o
                0x08000c70                data_decode_v2
 .text.uart_protocol_decode
                0x08000e54       0x30 ./Core/Src/uart_protocol.o
                0x08000e54                uart_protocol_decode
 .text.MX_USART1_UART_Init
                0x08000e84       0x74 ./Core/Src/usart.o
                0x08000e84                MX_USART1_UART_Init
 .text.MX_USART2_UART_Init
                0x08000ef8       0x54 ./Core/Src/usart.o
                0x08000ef8                MX_USART2_UART_Init
 .text.MX_USART3_UART_Init
                0x08000f4c       0x54 ./Core/Src/usart.o
                0x08000f4c                MX_USART3_UART_Init
 .text.HAL_UART_MspInit
                0x08000fa0      0x214 ./Core/Src/usart.o
                0x08000fa0                HAL_UART_MspInit
 .text.Reset_Handler
                0x080011b4       0x48 ./Core/Startup/startup_stm32f103c8tx.o
                0x080011b4                Reset_Handler
 .text.Default_Handler
                0x080011fc        0x2 ./Core/Startup/startup_stm32f103c8tx.o
                0x080011fc                RTC_Alarm_IRQHandler
                0x080011fc                EXTI2_IRQHandler
                0x080011fc                TIM1_CC_IRQHandler
                0x080011fc                PVD_IRQHandler
                0x080011fc                EXTI3_IRQHandler
                0x080011fc                EXTI0_IRQHandler
                0x080011fc                I2C2_EV_IRQHandler
                0x080011fc                ADC1_2_IRQHandler
                0x080011fc                SPI1_IRQHandler
                0x080011fc                TAMPER_IRQHandler
                0x080011fc                DMA1_Channel4_IRQHandler
                0x080011fc                RTC_IRQHandler
                0x080011fc                DMA1_Channel7_IRQHandler
                0x080011fc                CAN1_RX1_IRQHandler
                0x080011fc                TIM4_IRQHandler
                0x080011fc                I2C1_EV_IRQHandler
                0x080011fc                DMA1_Channel6_IRQHandler
                0x080011fc                TIM3_IRQHandler
                0x080011fc                RCC_IRQHandler
                0x080011fc                TIM1_TRG_COM_IRQHandler
                0x080011fc                DMA1_Channel1_IRQHandler
                0x080011fc                Default_Handler
                0x080011fc                EXTI15_10_IRQHandler
                0x080011fc                EXTI9_5_IRQHandler
                0x080011fc                SPI2_IRQHandler
                0x080011fc                EXTI4_IRQHandler
                0x080011fc                USB_LP_CAN1_RX0_IRQHandler
                0x080011fc                USB_HP_CAN1_TX_IRQHandler
                0x080011fc                DMA1_Channel3_IRQHandler
                0x080011fc                TIM1_UP_IRQHandler
                0x080011fc                WWDG_IRQHandler
                0x080011fc                TIM2_IRQHandler
                0x080011fc                TIM1_BRK_IRQHandler
                0x080011fc                EXTI1_IRQHandler
                0x080011fc                I2C2_ER_IRQHandler
                0x080011fc                DMA1_Channel2_IRQHandler
                0x080011fc                CAN1_SCE_IRQHandler
                0x080011fc                FLASH_IRQHandler
                0x080011fc                I2C1_ER_IRQHandler
                0x080011fc                USBWakeUp_IRQHandler
 *fill*         0x080011fe        0x2 
 .text.HAL_Init
                0x08001200       0x2c ./Drivers/STM32F1xx_HAL_Driver/Src/stm32f1xx_hal.o
                0x08001200                HAL_Init
 .text.HAL_InitTick
                0x0800122c       0x60 ./Drivers/STM32F1xx_HAL_Driver/Src/stm32f1xx_hal.o
                0x0800122c                HAL_InitTick
 .text.HAL_IncTick
                0x0800128c       0x24 ./Drivers/STM32F1xx_HAL_Driver/Src/stm32f1xx_hal.o
                0x0800128c                HAL_IncTick
 .text.HAL_GetTick
                0x080012b0       0x14 ./Drivers/STM32F1xx_HAL_Driver/Src/stm32f1xx_hal.o
                0x080012b0                HAL_GetTick
 .text.HAL_Delay
                0x080012c4       0x48 ./Drivers/STM32F1xx_HAL_Driver/Src/stm32f1xx_hal.o
                0x080012c4                HAL_Delay
 .text.__NVIC_SetPriorityGrouping
                0x0800130c       0x48 ./Drivers/STM32F1xx_HAL_Driver/Src/stm32f1xx_hal_cortex.o
 .text.__NVIC_GetPriorityGrouping
                0x08001354       0x1c ./Drivers/STM32F1xx_HAL_Driver/Src/stm32f1xx_hal_cortex.o
 .text.__NVIC_EnableIRQ
                0x08001370       0x38 ./Drivers/STM32F1xx_HAL_Driver/Src/stm32f1xx_hal_cortex.o
 .text.__NVIC_SetPriority
                0x080013a8       0x54 ./Drivers/STM32F1xx_HAL_Driver/Src/stm32f1xx_hal_cortex.o
 .text.NVIC_EncodePriority
                0x080013fc       0x64 ./Drivers/STM32F1xx_HAL_Driver/Src/stm32f1xx_hal_cortex.o
 .text.SysTick_Config
                0x08001460       0x44 ./Drivers/STM32F1xx_HAL_Driver/Src/stm32f1xx_hal_cortex.o
 .text.HAL_NVIC_SetPriorityGrouping
                0x080014a4       0x16 ./Drivers/STM32F1xx_HAL_Driver/Src/stm32f1xx_hal_cortex.o
                0x080014a4                HAL_NVIC_SetPriorityGrouping
 .text.HAL_NVIC_SetPriority
                0x080014ba       0x38 ./Drivers/STM32F1xx_HAL_Driver/Src/stm32f1xx_hal_cortex.o
                0x080014ba                HAL_NVIC_SetPriority
 .text.HAL_NVIC_EnableIRQ
                0x080014f2       0x1c ./Drivers/STM32F1xx_HAL_Driver/Src/stm32f1xx_hal_cortex.o
                0x080014f2                HAL_NVIC_EnableIRQ
 .text.HAL_SYSTICK_Config
                0x0800150e       0x18 ./Drivers/STM32F1xx_HAL_Driver/Src/stm32f1xx_hal_cortex.o
                0x0800150e                HAL_SYSTICK_Config
 *fill*         0x08001526        0x2 
 .text.HAL_DMA_Init
                0x08001528       0xb4 ./Drivers/STM32F1xx_HAL_Driver/Src/stm32f1xx_hal_dma.o
                0x08001528                HAL_DMA_Init
 .text.HAL_DMA_Start_IT
                0x080015dc       0xc0 ./Drivers/STM32F1xx_HAL_Driver/Src/stm32f1xx_hal_dma.o
                0x080015dc                HAL_DMA_Start_IT
 .text.HAL_DMA_Abort
                0x0800169c       0x76 ./Drivers/STM32F1xx_HAL_Driver/Src/stm32f1xx_hal_dma.o
                0x0800169c                HAL_DMA_Abort
 *fill*         0x08001712        0x2 
 .text.HAL_DMA_Abort_IT
                0x08001714       0xf0 ./Drivers/STM32F1xx_HAL_Driver/Src/stm32f1xx_hal_dma.o
                0x08001714                HAL_DMA_Abort_IT
 .text.HAL_DMA_IRQHandler
                0x08001804      0x20c ./Drivers/STM32F1xx_HAL_Driver/Src/stm32f1xx_hal_dma.o
                0x08001804                HAL_DMA_IRQHandler
 .text.DMA_SetConfig
                0x08001a10       0x5a ./Drivers/STM32F1xx_HAL_Driver/Src/stm32f1xx_hal_dma.o
 *fill*         0x08001a6a        0x2 
 .text.HAL_GPIO_Init
                0x08001a6c      0x308 ./Drivers/STM32F1xx_HAL_Driver/Src/stm32f1xx_hal_gpio.o
                0x08001a6c                HAL_GPIO_Init
 .text.HAL_GPIO_WritePin
                0x08001d74       0x30 ./Drivers/STM32F1xx_HAL_Driver/Src/stm32f1xx_hal_gpio.o
                0x08001d74                HAL_GPIO_WritePin
 .text.HAL_RCC_OscConfig
                0x08001da4      0x504 ./Drivers/STM32F1xx_HAL_Driver/Src/stm32f1xx_hal_rcc.o
                0x08001da4                HAL_RCC_OscConfig
 .text.HAL_RCC_ClockConfig
                0x080022a8      0x1d4 ./Drivers/STM32F1xx_HAL_Driver/Src/stm32f1xx_hal_rcc.o
                0x080022a8                HAL_RCC_ClockConfig
 .text.HAL_RCC_GetSysClockFreq
                0x0800247c       0xa8 ./Drivers/STM32F1xx_HAL_Driver/Src/stm32f1xx_hal_rcc.o
                0x0800247c                HAL_RCC_GetSysClockFreq
 .text.HAL_RCC_GetHCLKFreq
                0x08002524       0x14 ./Drivers/STM32F1xx_HAL_Driver/Src/stm32f1xx_hal_rcc.o
                0x08002524                HAL_RCC_GetHCLKFreq
 .text.HAL_RCC_GetPCLK1Freq
                0x08002538       0x28 ./Drivers/STM32F1xx_HAL_Driver/Src/stm32f1xx_hal_rcc.o
                0x08002538                HAL_RCC_GetPCLK1Freq
 .text.HAL_RCC_GetPCLK2Freq
                0x08002560       0x28 ./Drivers/STM32F1xx_HAL_Driver/Src/stm32f1xx_hal_rcc.o
                0x08002560                HAL_RCC_GetPCLK2Freq
 .text.RCC_Delay
                0x08002588       0x3c ./Drivers/STM32F1xx_HAL_Driver/Src/stm32f1xx_hal_rcc.o
 .text.HAL_TIM_Base_Init
                0x080025c4       0x9e ./Drivers/STM32F1xx_HAL_Driver/Src/stm32f1xx_hal_tim.o
                0x080025c4                HAL_TIM_Base_Init
 .text.HAL_TIM_ConfigClockSource
                0x08002662      0x18e ./Drivers/STM32F1xx_HAL_Driver/Src/stm32f1xx_hal_tim.o
                0x08002662                HAL_TIM_ConfigClockSource
 .text.TIM_Base_SetConfig
                0x080027f0       0xdc ./Drivers/STM32F1xx_HAL_Driver/Src/stm32f1xx_hal_tim.o
                0x080027f0                TIM_Base_SetConfig
 .text.TIM_TI1_ConfigInputStage
                0x080028cc       0x5c ./Drivers/STM32F1xx_HAL_Driver/Src/stm32f1xx_hal_tim.o
 .text.TIM_TI2_ConfigInputStage
                0x08002928       0x5e ./Drivers/STM32F1xx_HAL_Driver/Src/stm32f1xx_hal_tim.o
 .text.TIM_ITRx_SetConfig
                0x08002986       0x34 ./Drivers/STM32F1xx_HAL_Driver/Src/stm32f1xx_hal_tim.o
 .text.TIM_ETR_SetConfig
                0x080029ba       0x3e ./Drivers/STM32F1xx_HAL_Driver/Src/stm32f1xx_hal_tim.o
                0x080029ba                TIM_ETR_SetConfig
 .text.HAL_TIMEx_MasterConfigSynchronization
                0x080029f8       0xbc ./Drivers/STM32F1xx_HAL_Driver/Src/stm32f1xx_hal_tim_ex.o
                0x080029f8                HAL_TIMEx_MasterConfigSynchronization
 .text.HAL_UART_Init
                0x08002ab4       0xa0 ./Drivers/STM32F1xx_HAL_Driver/Src/stm32f1xx_hal_uart.o
                0x08002ab4                HAL_UART_Init
 .text.HAL_UART_Transmit
                0x08002b54      0x116 ./Drivers/STM32F1xx_HAL_Driver/Src/stm32f1xx_hal_uart.o
                0x08002b54                HAL_UART_Transmit
 .text.HAL_UART_Receive
                0x08002c6a      0x12e ./Drivers/STM32F1xx_HAL_Driver/Src/stm32f1xx_hal_uart.o
                0x08002c6a                HAL_UART_Receive
 .text.HAL_UART_Receive_DMA
                0x08002d98       0x4a ./Drivers/STM32F1xx_HAL_Driver/Src/stm32f1xx_hal_uart.o
                0x08002d98                HAL_UART_Receive_DMA
 .text.HAL_UART_DMAStop
                0x08002de2       0xfe ./Drivers/STM32F1xx_HAL_Driver/Src/stm32f1xx_hal_uart.o
                0x08002de2                HAL_UART_DMAStop
 .text.HAL_UART_IRQHandler
                0x08002ee0      0x524 ./Drivers/STM32F1xx_HAL_Driver/Src/stm32f1xx_hal_uart.o
                0x08002ee0                HAL_UART_IRQHandler
 .text.HAL_UART_TxCpltCallback
                0x08003404       0x12 ./Drivers/STM32F1xx_HAL_Driver/Src/stm32f1xx_hal_uart.o
                0x08003404                HAL_UART_TxCpltCallback
 .text.HAL_UART_RxCpltCallback
                0x08003416       0x12 ./Drivers/STM32F1xx_HAL_Driver/Src/stm32f1xx_hal_uart.o
                0x08003416                HAL_UART_RxCpltCallback
 .text.HAL_UART_RxHalfCpltCallback
                0x08003428       0x12 ./Drivers/STM32F1xx_HAL_Driver/Src/stm32f1xx_hal_uart.o
                0x08003428                HAL_UART_RxHalfCpltCallback
 .text.HAL_UART_ErrorCallback
                0x0800343a       0x12 ./Drivers/STM32F1xx_HAL_Driver/Src/stm32f1xx_hal_uart.o
                0x0800343a                HAL_UART_ErrorCallback
 .text.HAL_UARTEx_RxEventCallback
                0x0800344c       0x16 ./Drivers/STM32F1xx_HAL_Driver/Src/stm32f1xx_hal_uart.o
                0x0800344c                HAL_UARTEx_RxEventCallback
 .text.HAL_UART_GetState
                0x08003462       0x3a ./Drivers/STM32F1xx_HAL_Driver/Src/stm32f1xx_hal_uart.o
                0x08003462                HAL_UART_GetState
 .text.UART_DMAReceiveCplt
                0x0800349c      0x12c ./Drivers/STM32F1xx_HAL_Driver/Src/stm32f1xx_hal_uart.o
 .text.UART_DMARxHalfCplt
                0x080035c8       0x3c ./Drivers/STM32F1xx_HAL_Driver/Src/stm32f1xx_hal_uart.o
 .text.UART_DMAError
                0x08003604       0x94 ./Drivers/STM32F1xx_HAL_Driver/Src/stm32f1xx_hal_uart.o
 .text.UART_WaitOnFlagUntilTimeout
                0x08003698       0xb2 ./Drivers/STM32F1xx_HAL_Driver/Src/stm32f1xx_hal_uart.o
 *fill*         0x0800374a        0x2 
 .text.UART_Start_Receive_DMA
                0x0800374c      0x134 ./Drivers/STM32F1xx_HAL_Driver/Src/stm32f1xx_hal_uart.o
                0x0800374c                UART_Start_Receive_DMA
 .text.UART_EndTxTransfer
                0x08003880       0x4e ./Drivers/STM32F1xx_HAL_Driver/Src/stm32f1xx_hal_uart.o
 .text.UART_EndRxTransfer
                0x080038ce       0xc4 ./Drivers/STM32F1xx_HAL_Driver/Src/stm32f1xx_hal_uart.o
 .text.UART_DMAAbortOnError
                0x08003992       0x28 ./Drivers/STM32F1xx_HAL_Driver/Src/stm32f1xx_hal_uart.o
 .text.UART_Transmit_IT
                0x080039ba       0x9e ./Drivers/STM32F1xx_HAL_Driver/Src/stm32f1xx_hal_uart.o
 .text.UART_EndTransmit_IT
                0x08003a58       0x30 ./Drivers/STM32F1xx_HAL_Driver/Src/stm32f1xx_hal_uart.o
 .text.UART_Receive_IT
                0x08003a88      0x17c ./Drivers/STM32F1xx_HAL_Driver/Src/stm32f1xx_hal_uart.o
 .text.UART_SetConfig
                0x08003c04      0x11c ./Drivers/STM32F1xx_HAL_Driver/Src/stm32f1xx_hal_uart.o
 .text.memset   0x08003d20       0x10 /home/lab3090/st/stm32cubeide_1.19.0_2/plugins/com.st.stm32cube.ide.mcu.externaltools.gnu-tools-for-stm32.13.3.rel1.linux64_1.0.0.202410170706/tools/bin/../lib/gcc/arm-none-eabi/13.3.1/../../../../arm-none-eabi/lib/thumb/v7-m/nofp/libc_nano.a(libc_a-memset.o)
                0x08003d20                memset
 .text.__libc_init_array
                0x08003d30       0x48 /home/lab3090/st/stm32cubeide_1.19.0_2/plugins/com.st.stm32cube.ide.mcu.externaltools.gnu-tools-for-stm32.13.3.rel1.linux64_1.0.0.202410170706/tools/bin/../lib/gcc/arm-none-eabi/13.3.1/../../../../arm-none-eabi/lib/thumb/v7-m/nofp/libc_nano.a(libc_a-init.o)
                0x08003d30                __libc_init_array
 *(.glue_7)
 .glue_7        0x08003d78        0x0 linker stubs
 *(.glue_7t)
 .glue_7t       0x08003d78        0x0 linker stubs
 *(.eh_frame)
 .eh_frame      0x08003d78        0x0 /home/lab3090/st/stm32cubeide_1.19.0_2/plugins/com.st.stm32cube.ide.mcu.externaltools.gnu-tools-for-stm32.13.3.rel1.linux64_1.0.0.202410170706/tools/bin/../lib/gcc/arm-none-eabi/13.3.1/thumb/v7-m/nofp/crtbegin.o
 *(.init)
 .init          0x08003d78        0x4 /home/lab3090/st/stm32cubeide_1.19.0_2/plugins/com.st.stm32cube.ide.mcu.externaltools.gnu-tools-for-stm32.13.3.rel1.linux64_1.0.0.202410170706/tools/bin/../lib/gcc/arm-none-eabi/13.3.1/thumb/v7-m/nofp/crti.o
                0x08003d78                _init
 .init          0x08003d7c        0x8 /home/lab3090/st/stm32cubeide_1.19.0_2/plugins/com.st.stm32cube.ide.mcu.externaltools.gnu-tools-for-stm32.13.3.rel1.linux64_1.0.0.202410170706/tools/bin/../lib/gcc/arm-none-eabi/13.3.1/thumb/v7-m/nofp/crtn.o
 *(.fini)
 .fini          0x08003d84        0x4 /home/lab3090/st/stm32cubeide_1.19.0_2/plugins/com.st.stm32cube.ide.mcu.externaltools.gnu-tools-for-stm32.13.3.rel1.linux64_1.0.0.202410170706/tools/bin/../lib/gcc/arm-none-eabi/13.3.1/thumb/v7-m/nofp/crti.o
                0x08003d84                _fini
 .fini          0x08003d88        0x8 /home/lab3090/st/stm32cubeide_1.19.0_2/plugins/com.st.stm32cube.ide.mcu.externaltools.gnu-tools-for-stm32.13.3.rel1.linux64_1.0.0.202410170706/tools/bin/../lib/gcc/arm-none-eabi/13.3.1/thumb/v7-m/nofp/crtn.o
                0x08003d90                        . = ALIGN (0x4)
                0x08003d90                        _etext = .

.vfp11_veneer   0x08003d90        0x0
 .vfp11_veneer  0x08003d90        0x0 linker stubs

.v4_bx          0x08003d90        0x0
 .v4_bx         0x08003d90        0x0 linker stubs

.iplt           0x08003d90        0x0
 .iplt          0x08003d90        0x0 /home/lab3090/st/stm32cubeide_1.19.0_2/plugins/com.st.stm32cube.ide.mcu.externaltools.gnu-tools-for-stm32.13.3.rel1.linux64_1.0.0.202410170706/tools/bin/../lib/gcc/arm-none-eabi/13.3.1/thumb/v7-m/nofp/crtbegin.o

.rodata         0x08003d90      0x22c
                0x08003d90                        . = ALIGN (0x4)
 *(.rodata)
 *(.rodata*)
 .rodata.crc_table.0
                0x08003d90      0x200 ./Core/Src/main.o
 .rodata.AHBPrescTable
                0x08003f90       0x10 ./Core/Src/system_stm32f1xx.o
                0x08003f90                AHBPrescTable
 .rodata.APBPrescTable
                0x08003fa0        0x8 ./Core/Src/system_stm32f1xx.o
                0x08003fa0                APBPrescTable
 .rodata.aPLLMULFactorTable.1
                0x08003fa8       0x10 ./Drivers/STM32F1xx_HAL_Driver/Src/stm32f1xx_hal_rcc.o
 .rodata.aPredivFactorTable.0
                0x08003fb8        0x2 ./Drivers/STM32F1xx_HAL_Driver/Src/stm32f1xx_hal_rcc.o
                0x08003fbc                        . = ALIGN (0x4)
 *fill*         0x08003fba        0x2 

.rel.dyn        0x08003fbc        0x0
 .rel.iplt      0x08003fbc        0x0 /home/lab3090/st/stm32cubeide_1.19.0_2/plugins/com.st.stm32cube.ide.mcu.externaltools.gnu-tools-for-stm32.13.3.rel1.linux64_1.0.0.202410170706/tools/bin/../lib/gcc/arm-none-eabi/13.3.1/thumb/v7-m/nofp/crtbegin.o

.ARM.extab      0x08003fbc        0x0
                0x08003fbc                        . = ALIGN (0x4)
 *(.ARM.extab* .gnu.linkonce.armextab.*)
                0x08003fbc                        . = ALIGN (0x4)

.ARM            0x08003fbc        0x0
                0x08003fbc                        . = ALIGN (0x4)
                0x08003fbc                        __exidx_start = .
 *(.ARM.exidx*)
                0x08003fbc                        __exidx_end = .
                0x08003fbc                        . = ALIGN (0x4)

.preinit_array  0x08003fbc        0x0
                0x08003fbc                        . = ALIGN (0x4)
                0x08003fbc                        PROVIDE (__preinit_array_start = .)
 *(.preinit_array*)
                0x08003fbc                        PROVIDE (__preinit_array_end = .)
                0x08003fbc                        . = ALIGN (0x4)

.init_array     0x08003fbc        0x4
                0x08003fbc                        . = ALIGN (0x4)
                0x08003fbc                        PROVIDE (__init_array_start = .)
 *(SORT_BY_NAME(.init_array.*))
 *(.init_array*)
 .init_array    0x08003fbc        0x4 /home/lab3090/st/stm32cubeide_1.19.0_2/plugins/com.st.stm32cube.ide.mcu.externaltools.gnu-tools-for-stm32.13.3.rel1.linux64_1.0.0.202410170706/tools/bin/../lib/gcc/arm-none-eabi/13.3.1/thumb/v7-m/nofp/crtbegin.o
                0x08003fc0                        PROVIDE (__init_array_end = .)
                0x08003fc0                        . = ALIGN (0x4)

.fini_array     0x08003fc0        0x4
                0x08003fc0                        . = ALIGN (0x4)
                [!provide]                        PROVIDE (__fini_array_start = .)
 *(SORT_BY_NAME(.fini_array.*))
 *(.fini_array*)
 .fini_array    0x08003fc0        0x4 /home/lab3090/st/stm32cubeide_1.19.0_2/plugins/com.st.stm32cube.ide.mcu.externaltools.gnu-tools-for-stm32.13.3.rel1.linux64_1.0.0.202410170706/tools/bin/../lib/gcc/arm-none-eabi/13.3.1/thumb/v7-m/nofp/crtbegin.o
                [!provide]                        PROVIDE (__fini_array_end = .)
                0x08003fc4                        . = ALIGN (0x4)
                0x08003fc4                        _sidata = LOADADDR (.data)

.data           0x20000000       0x68 load address 0x08003fc4
                0x20000000                        . = ALIGN (0x4)
                0x20000000                        _sdata = .
 *(.data)
 *(.data*)
 .data.ledFrame
                0x20000000        0xd ./Core/Src/main.o
                0x20000000                ledFrame
 *fill*         0x2000000d        0x3 
 .data.ctrlModeFrame
                0x20000010        0xd ./Core/Src/main.o
                0x20000010                ctrlModeFrame
 *fill*         0x2000001d        0x3 
 .data.xl320PFrame
                0x20000020        0xe ./Core/Src/main.o
                0x20000020                xl320PFrame
 *fill*         0x2000002e        0x2 
 .data.xl320MSFrame
                0x20000030        0xe ./Core/Src/main.o
                0x20000030                xl320MSFrame
 *fill*         0x2000003e        0x2 
 .data.xl320ReadGoalPosition
                0x20000040        0xe ./Core/Src/main.o
                0x20000040                xl320ReadGoalPosition
 .data.systick_count.0
                0x2000004e        0x2 ./Core/Src/stm32f1xx_it.o
 .data.sys_count
                0x20000050        0x2 ./Core/Src/sys.o
                0x20000050                sys_count
 .data.sys_scheduling_period
                0x20000052        0x2 ./Core/Src/sys.o
                0x20000052                sys_scheduling_period
 .data.sys_data
                0x20000054        0x8 ./Core/Src/sys.o
                0x20000054                sys_data
 .data.SystemCoreClock
                0x2000005c        0x4 ./Core/Src/system_stm32f1xx.o
                0x2000005c                SystemCoreClock
 .data.uwTickPrio
                0x20000060        0x4 ./Drivers/STM32F1xx_HAL_Driver/Src/stm32f1xx_hal.o
                0x20000060                uwTickPrio
 .data.uwTickFreq
                0x20000064        0x1 ./Drivers/STM32F1xx_HAL_Driver/Src/stm32f1xx_hal.o
                0x20000064                uwTickFreq
 *(.RamFunc)
 *(.RamFunc*)
                0x20000068                        . = ALIGN (0x4)
 *fill*         0x20000065        0x3 
                0x20000068                        _edata = .

.igot.plt       0x20000068        0x0 load address 0x0800402c
 .igot.plt      0x20000068        0x0 /home/lab3090/st/stm32cubeide_1.19.0_2/plugins/com.st.stm32cube.ide.mcu.externaltools.gnu-tools-for-stm32.13.3.rel1.linux64_1.0.0.202410170706/tools/bin/../lib/gcc/arm-none-eabi/13.3.1/thumb/v7-m/nofp/crtbegin.o
                0x20000068                        . = ALIGN (0x4)

.bss            0x20000068      0x5cc load address 0x0800402c
                0x20000068                        _sbss = .
                0x20000068                        __bss_start__ = _sbss
 *(.bss)
 .bss           0x20000068       0x1c /home/lab3090/st/stm32cubeide_1.19.0_2/plugins/com.st.stm32cube.ide.mcu.externaltools.gnu-tools-for-stm32.13.3.rel1.linux64_1.0.0.202410170706/tools/bin/../lib/gcc/arm-none-eabi/13.3.1/thumb/v7-m/nofp/crtbegin.o
 *(.bss*)
 .bss.ServoTargets
                0x20000084       0x36 ./Core/Src/main.o
                0x20000084                ServoTargets
 .bss.NewPositionAvailable
                0x200000ba        0x1 ./Core/Src/main.o
                0x200000ba                NewPositionAvailable
 .bss.NewSpeedAvailable
                0x200000bb        0x1 ./Core/Src/main.o
                0x200000bb                NewSpeedAvailable
 .bss.uart2_rx_buffer
                0x200000bc       0x20 ./Core/Src/main.o
                0x200000bc                uart2_rx_buffer
 .bss.sys_task_flag
                0x200000dc        0x1 ./Core/Src/sys.o
                0x200000dc                sys_task_flag
 *fill*         0x200000dd        0x3 
 .bss.htim1     0x200000e0       0x48 ./Core/Src/tim.o
                0x200000e0                htim1
 .bss.RxBuf1    0x20000128      0x3e8 ./Core/Src/usart.o
                0x20000128                RxBuf1
 .bss.rx1_num   0x20000510        0x2 ./Core/Src/usart.o
                0x20000510                rx1_num
 *fill*         0x20000512        0x2 
 .bss.huart1    0x20000514       0x48 ./Core/Src/usart.o
                0x20000514                huart1
 .bss.huart2    0x2000055c       0x48 ./Core/Src/usart.o
                0x2000055c                huart2
 .bss.huart3    0x200005a4       0x48 ./Core/Src/usart.o
                0x200005a4                huart3
 .bss.hdma_usart1_rx
                0x200005ec       0x44 ./Core/Src/usart.o
                0x200005ec                hdma_usart1_rx
 .bss.uwTick    0x20000630        0x4 ./Drivers/STM32F1xx_HAL_Driver/Src/stm32f1xx_hal.o
                0x20000630                uwTick
 *(COMMON)
                0x20000634                        . = ALIGN (0x4)
                0x20000634                        _ebss = .
                0x20000634                        __bss_end__ = _ebss

._user_heap_stack
                0x20000634      0x604 load address 0x0800402c
                0x20000638                        . = ALIGN (0x8)
 *fill*         0x20000634        0x4 
                [!provide]                        PROVIDE (end = .)
                0x20000638                        PROVIDE (_end = .)
                0x20000838                        . = (. + _Min_Heap_Size)
 *fill*         0x20000638      0x200 
                0x20000c38                        . = (. + _Min_Stack_Size)
 *fill*         0x20000838      0x400 
                0x20000c38                        . = ALIGN (0x8)

/DISCARD/
 libc.a(*)
 libm.a(*)
 libgcc.a(*)

.ARM.attributes
                0x00000000       0x29
 *(.ARM.attributes)
 .ARM.attributes
                0x00000000       0x1d /home/lab3090/st/stm32cubeide_1.19.0_2/plugins/com.st.stm32cube.ide.mcu.externaltools.gnu-tools-for-stm32.13.3.rel1.linux64_1.0.0.202410170706/tools/bin/../lib/gcc/arm-none-eabi/13.3.1/thumb/v7-m/nofp/crti.o
 .ARM.attributes
                0x0000001d       0x2d /home/lab3090/st/stm32cubeide_1.19.0_2/plugins/com.st.stm32cube.ide.mcu.externaltools.gnu-tools-for-stm32.13.3.rel1.linux64_1.0.0.202410170706/tools/bin/../lib/gcc/arm-none-eabi/13.3.1/thumb/v7-m/nofp/crtbegin.o
 .ARM.attributes
                0x0000004a       0x2d ./Core/Src/dma.o
 .ARM.attributes
                0x00000077       0x2d ./Core/Src/gpio.o
 .ARM.attributes
                0x000000a4       0x2d ./Core/Src/main.o
 .ARM.attributes
                0x000000d1       0x2d ./Core/Src/stm32f1xx_hal_msp.o
 .ARM.attributes
                0x000000fe       0x2d ./Core/Src/stm32f1xx_it.o
 .ARM.attributes
                0x0000012b       0x2d ./Core/Src/sys.o
 .ARM.attributes
                0x00000158       0x2d ./Core/Src/system_stm32f1xx.o
 .ARM.attributes
                0x00000185       0x2d ./Core/Src/tim.o
 .ARM.attributes
                0x000001b2       0x2d ./Core/Src/uart_protocol.o
 .ARM.attributes
                0x000001df       0x2d ./Core/Src/usart.o
 .ARM.attributes
                0x0000020c       0x21 ./Core/Startup/startup_stm32f103c8tx.o
 .ARM.attributes
                0x0000022d       0x2d ./Drivers/STM32F1xx_HAL_Driver/Src/stm32f1xx_hal.o
 .ARM.attributes
                0x0000025a       0x2d ./Drivers/STM32F1xx_HAL_Driver/Src/stm32f1xx_hal_cortex.o
 .ARM.attributes
                0x00000287       0x2d ./Drivers/STM32F1xx_HAL_Driver/Src/stm32f1xx_hal_dma.o
 .ARM.attributes
                0x000002b4       0x2d ./Drivers/STM32F1xx_HAL_Driver/Src/stm32f1xx_hal_gpio.o
 .ARM.attributes
                0x000002e1       0x2d ./Drivers/STM32F1xx_HAL_Driver/Src/stm32f1xx_hal_rcc.o
 .ARM.attributes
                0x0000030e       0x2d ./Drivers/STM32F1xx_HAL_Driver/Src/stm32f1xx_hal_tim.o
 .ARM.attributes
                0x0000033b       0x2d ./Drivers/STM32F1xx_HAL_Driver/Src/stm32f1xx_hal_tim_ex.o
 .ARM.attributes
                0x00000368       0x2d ./Drivers/STM32F1xx_HAL_Driver/Src/stm32f1xx_hal_uart.o
 .ARM.attributes
                0x00000395       0x2d /home/lab3090/st/stm32cubeide_1.19.0_2/plugins/com.st.stm32cube.ide.mcu.externaltools.gnu-tools-for-stm32.13.3.rel1.linux64_1.0.0.202410170706/tools/bin/../lib/gcc/arm-none-eabi/13.3.1/../../../../arm-none-eabi/lib/thumb/v7-m/nofp/libc_nano.a(libc_a-memset.o)
 .ARM.attributes
                0x000003c2       0x2d /home/lab3090/st/stm32cubeide_1.19.0_2/plugins/com.st.stm32cube.ide.mcu.externaltools.gnu-tools-for-stm32.13.3.rel1.linux64_1.0.0.202410170706/tools/bin/../lib/gcc/arm-none-eabi/13.3.1/../../../../arm-none-eabi/lib/thumb/v7-m/nofp/libc_nano.a(libc_a-init.o)
 .ARM.attributes
                0x000003ef       0x1d /home/lab3090/st/stm32cubeide_1.19.0_2/plugins/com.st.stm32cube.ide.mcu.externaltools.gnu-tools-for-stm32.13.3.rel1.linux64_1.0.0.202410170706/tools/bin/../lib/gcc/arm-none-eabi/13.3.1/thumb/v7-m/nofp/crtn.o
OUTPUT(steer.elf elf32-littlearm)
LOAD linker stubs
LOAD /home/lab3090/st/stm32cubeide_1.19.0_2/plugins/com.st.stm32cube.ide.mcu.externaltools.gnu-tools-for-stm32.13.3.rel1.linux64_1.0.0.202410170706/tools/bin/../lib/gcc/arm-none-eabi/13.3.1/../../../../arm-none-eabi/lib/thumb/v7-m/nofp/libc.a
LOAD /home/lab3090/st/stm32cubeide_1.19.0_2/plugins/com.st.stm32cube.ide.mcu.externaltools.gnu-tools-for-stm32.13.3.rel1.linux64_1.0.0.202410170706/tools/bin/../lib/gcc/arm-none-eabi/13.3.1/../../../../arm-none-eabi/lib/thumb/v7-m/nofp/libm.a
LOAD /home/lab3090/st/stm32cubeide_1.19.0_2/plugins/com.st.stm32cube.ide.mcu.externaltools.gnu-tools-for-stm32.13.3.rel1.linux64_1.0.0.202410170706/tools/bin/../lib/gcc/arm-none-eabi/13.3.1/thumb/v7-m/nofp/libgcc.a

.debug_info     0x00000000     0xd5fd
 .debug_info    0x00000000      0x2d6 ./Core/Src/dma.o
 .debug_info    0x000002d6      0x2da ./Core/Src/gpio.o
 .debug_info    0x000005b0     0x11d4 ./Core/Src/main.o
 .debug_info    0x00001784      0x1f8 ./Core/Src/stm32f1xx_hal_msp.o
 .debug_info    0x0000197c      0x7b3 ./Core/Src/stm32f1xx_it.o
 .debug_info    0x0000212f      0x94d ./Core/Src/sys.o
 .debug_info    0x00002a7c      0x222 ./Core/Src/system_stm32f1xx.o
 .debug_info    0x00002c9e      0x831 ./Core/Src/tim.o
 .debug_info    0x000034cf      0x343 ./Core/Src/uart_protocol.o
 .debug_info    0x00003812      0xafd ./Core/Src/usart.o
 .debug_info    0x0000430f       0x30 ./Core/Startup/startup_stm32f103c8tx.o
 .debug_info    0x0000433f      0x704 ./Drivers/STM32F1xx_HAL_Driver/Src/stm32f1xx_hal.o
 .debug_info    0x00004a43      0xa87 ./Drivers/STM32F1xx_HAL_Driver/Src/stm32f1xx_hal_cortex.o
 .debug_info    0x000054ca      0x6d2 ./Drivers/STM32F1xx_HAL_Driver/Src/stm32f1xx_hal_dma.o
 .debug_info    0x00005b9c      0x5ab ./Drivers/STM32F1xx_HAL_Driver/Src/stm32f1xx_hal_gpio.o
 .debug_info    0x00006147      0x7d5 ./Drivers/STM32F1xx_HAL_Driver/Src/stm32f1xx_hal_rcc.o
 .debug_info    0x0000691c     0x2959 ./Drivers/STM32F1xx_HAL_Driver/Src/stm32f1xx_hal_tim.o
 .debug_info    0x00009275     0x149b ./Drivers/STM32F1xx_HAL_Driver/Src/stm32f1xx_hal_tim_ex.o
 .debug_info    0x0000a710     0x2eed ./Drivers/STM32F1xx_HAL_Driver/Src/stm32f1xx_hal_uart.o

.debug_abbrev   0x00000000     0x25df
 .debug_abbrev  0x00000000       0xfc ./Core/Src/dma.o
 .debug_abbrev  0x000000fc      0x13f ./Core/Src/gpio.o
 .debug_abbrev  0x0000023b      0x368 ./Core/Src/main.o
 .debug_abbrev  0x000005a3       0xdb ./Core/Src/stm32f1xx_hal_msp.o
 .debug_abbrev  0x0000067e      0x1fb ./Core/Src/stm32f1xx_it.o
 .debug_abbrev  0x00000879      0x2a1 ./Core/Src/sys.o
 .debug_abbrev  0x00000b1a      0x13f ./Core/Src/system_stm32f1xx.o
 .debug_abbrev  0x00000c59      0x1ef ./Core/Src/tim.o
 .debug_abbrev  0x00000e48      0x19d ./Core/Src/uart_protocol.o
 .debug_abbrev  0x00000fe5      0x264 ./Core/Src/usart.o
 .debug_abbrev  0x00001249       0x24 ./Core/Startup/startup_stm32f103c8tx.o
 .debug_abbrev  0x0000126d      0x201 ./Drivers/STM32F1xx_HAL_Driver/Src/stm32f1xx_hal.o
 .debug_abbrev  0x0000146e      0x2f8 ./Drivers/STM32F1xx_HAL_Driver/Src/stm32f1xx_hal_cortex.o
 .debug_abbrev  0x00001766      0x20b ./Drivers/STM32F1xx_HAL_Driver/Src/stm32f1xx_hal_dma.o
 .debug_abbrev  0x00001971      0x1ca ./Drivers/STM32F1xx_HAL_Driver/Src/stm32f1xx_hal_gpio.o
 .debug_abbrev  0x00001b3b      0x2b3 ./Drivers/STM32F1xx_HAL_Driver/Src/stm32f1xx_hal_rcc.o
 .debug_abbrev  0x00001dee      0x277 ./Drivers/STM32F1xx_HAL_Driver/Src/stm32f1xx_hal_tim.o
 .debug_abbrev  0x00002065      0x282 ./Drivers/STM32F1xx_HAL_Driver/Src/stm32f1xx_hal_tim_ex.o
 .debug_abbrev  0x000022e7      0x2f8 ./Drivers/STM32F1xx_HAL_Driver/Src/stm32f1xx_hal_uart.o

.debug_aranges  0x00000000      0xd80
 .debug_aranges
                0x00000000       0x20 ./Core/Src/dma.o
 .debug_aranges
                0x00000020       0x20 ./Core/Src/gpio.o
 .debug_aranges
                0x00000040       0xc0 ./Core/Src/main.o
 .debug_aranges
                0x00000100       0x20 ./Core/Src/stm32f1xx_hal_msp.o
 .debug_aranges
                0x00000120       0x80 ./Core/Src/stm32f1xx_it.o
 .debug_aranges
                0x000001a0       0x58 ./Core/Src/sys.o
 .debug_aranges
                0x000001f8       0x28 ./Core/Src/system_stm32f1xx.o
 .debug_aranges
                0x00000220       0x30 ./Core/Src/tim.o
 .debug_aranges
                0x00000250       0x38 ./Core/Src/uart_protocol.o
 .debug_aranges
                0x00000288       0x48 ./Core/Src/usart.o
 .debug_aranges
                0x000002d0       0x28 ./Core/Startup/startup_stm32f103c8tx.o
 .debug_aranges
                0x000002f8       0xe0 ./Drivers/STM32F1xx_HAL_Driver/Src/stm32f1xx_hal.o
 .debug_aranges
                0x000003d8      0x100 ./Drivers/STM32F1xx_HAL_Driver/Src/stm32f1xx_hal_cortex.o
 .debug_aranges
                0x000004d8       0x80 ./Drivers/STM32F1xx_HAL_Driver/Src/stm32f1xx_hal_dma.o
 .debug_aranges
                0x00000558       0x58 ./Drivers/STM32F1xx_HAL_Driver/Src/stm32f1xx_hal_gpio.o
 .debug_aranges
                0x000005b0       0x90 ./Drivers/STM32F1xx_HAL_Driver/Src/stm32f1xx_hal_rcc.o
 .debug_aranges
                0x00000640      0x3d0 ./Drivers/STM32F1xx_HAL_Driver/Src/stm32f1xx_hal_tim.o
 .debug_aranges
                0x00000a10      0x168 ./Drivers/STM32F1xx_HAL_Driver/Src/stm32f1xx_hal_tim_ex.o
 .debug_aranges
                0x00000b78      0x208 ./Drivers/STM32F1xx_HAL_Driver/Src/stm32f1xx_hal_uart.o

.debug_rnglists
                0x00000000      0xa79
 .debug_rnglists
                0x00000000       0x13 ./Core/Src/dma.o
 .debug_rnglists
                0x00000013       0x14 ./Core/Src/gpio.o
 .debug_rnglists
                0x00000027       0x91 ./Core/Src/main.o
 .debug_rnglists
                0x000000b8       0x13 ./Core/Src/stm32f1xx_hal_msp.o
 .debug_rnglists
                0x000000cb       0x5b ./Core/Src/stm32f1xx_it.o
 .debug_rnglists
                0x00000126       0x3e ./Core/Src/sys.o
 .debug_rnglists
                0x00000164       0x1a ./Core/Src/system_stm32f1xx.o
 .debug_rnglists
                0x0000017e       0x20 ./Core/Src/tim.o
 .debug_rnglists
                0x0000019e       0x27 ./Core/Src/uart_protocol.o
 .debug_rnglists
                0x000001c5       0x33 ./Core/Src/usart.o
 .debug_rnglists
                0x000001f8       0x19 ./Core/Startup/startup_stm32f103c8tx.o
 .debug_rnglists
                0x00000211       0xa3 ./Drivers/STM32F1xx_HAL_Driver/Src/stm32f1xx_hal.o
 .debug_rnglists
                0x000002b4       0xbb ./Drivers/STM32F1xx_HAL_Driver/Src/stm32f1xx_hal_cortex.o
 .debug_rnglists
                0x0000036f       0x64 ./Drivers/STM32F1xx_HAL_Driver/Src/stm32f1xx_hal_dma.o
 .debug_rnglists
                0x000003d3       0x3f ./Drivers/STM32F1xx_HAL_Driver/Src/stm32f1xx_hal_gpio.o
 .debug_rnglists
                0x00000412       0x6c ./Drivers/STM32F1xx_HAL_Driver/Src/stm32f1xx_hal_rcc.o
 .debug_rnglists
                0x0000047e      0x31a ./Drivers/STM32F1xx_HAL_Driver/Src/stm32f1xx_hal_tim.o
 .debug_rnglists
                0x00000798      0x125 ./Drivers/STM32F1xx_HAL_Driver/Src/stm32f1xx_hal_tim_ex.o
 .debug_rnglists
                0x000008bd      0x1bc ./Drivers/STM32F1xx_HAL_Driver/Src/stm32f1xx_hal_uart.o

.debug_macro    0x00000000    0x185a1
 .debug_macro   0x00000000      0x1d8 ./Core/Src/dma.o
 .debug_macro   0x000001d8      0xacc ./Core/Src/dma.o
 .debug_macro   0x00000ca4      0x221 ./Core/Src/dma.o
 .debug_macro   0x00000ec5       0x2e ./Core/Src/dma.o
 .debug_macro   0x00000ef3       0x22 ./Core/Src/dma.o
 .debug_macro   0x00000f15       0x22 ./Core/Src/dma.o
 .debug_macro   0x00000f37       0x8e ./Core/Src/dma.o
 .debug_macro   0x00000fc5       0x51 ./Core/Src/dma.o
 .debug_macro   0x00001016      0x103 ./Core/Src/dma.o
 .debug_macro   0x00001119       0x6a ./Core/Src/dma.o
 .debug_macro   0x00001183      0x1df ./Core/Src/dma.o
 .debug_macro   0x00001362       0x1c ./Core/Src/dma.o
 .debug_macro   0x0000137e       0x22 ./Core/Src/dma.o
 .debug_macro   0x000013a0       0xbd ./Core/Src/dma.o
 .debug_macro   0x0000145d      0xd23 ./Core/Src/dma.o
 .debug_macro   0x00002180     0xe09e ./Core/Src/dma.o
 .debug_macro   0x0001021e       0x6d ./Core/Src/dma.o
 .debug_macro   0x0001028b     0x34a2 ./Core/Src/dma.o
 .debug_macro   0x0001372d      0x190 ./Core/Src/dma.o
 .debug_macro   0x000138bd       0x5c ./Core/Src/dma.o
 .debug_macro   0x00013919      0x5bc ./Core/Src/dma.o
 .debug_macro   0x00013ed5      0x289 ./Core/Src/dma.o
 .debug_macro   0x0001415e      0x1cb ./Core/Src/dma.o
 .debug_macro   0x00014329      0x114 ./Core/Src/dma.o
 .debug_macro   0x0001443d      0x1b2 ./Core/Src/dma.o
 .debug_macro   0x000145ef       0x27 ./Core/Src/dma.o
 .debug_macro   0x00014616      0x136 ./Core/Src/dma.o
 .debug_macro   0x0001474c      0x1bc ./Core/Src/dma.o
 .debug_macro   0x00014908       0x34 ./Core/Src/dma.o
 .debug_macro   0x0001493c       0x3c ./Core/Src/dma.o
 .debug_macro   0x00014978       0x57 ./Core/Src/dma.o
 .debug_macro   0x000149cf       0x87 ./Core/Src/dma.o
 .debug_macro   0x00014a56      0x240 ./Core/Src/dma.o
 .debug_macro   0x00014c96      0x140 ./Core/Src/dma.o
 .debug_macro   0x00014dd6      0x8ed ./Core/Src/dma.o
 .debug_macro   0x000156c3      0x28e ./Core/Src/dma.o
 .debug_macro   0x00015951       0x83 ./Core/Src/dma.o
 .debug_macro   0x000159d4       0x22 ./Core/Src/dma.o
 .debug_macro   0x000159f6       0x34 ./Core/Src/dma.o
 .debug_macro   0x00015a2a       0xb8 ./Core/Src/dma.o
 .debug_macro   0x00015ae2      0x1d8 ./Core/Src/gpio.o
 .debug_macro   0x00015cba      0x210 ./Core/Src/main.o
 .debug_macro   0x00015eca       0x16 ./Core/Src/main.o
 .debug_macro   0x00015ee0       0x10 ./Core/Src/main.o
 .debug_macro   0x00015ef0      0x1ce ./Core/Src/stm32f1xx_hal_msp.o
 .debug_macro   0x000160be      0x1e5 ./Core/Src/stm32f1xx_it.o
 .debug_macro   0x000162a3      0x2fb ./Core/Src/sys.o
 .debug_macro   0x0001659e       0x61 ./Core/Src/sys.o
 .debug_macro   0x000165ff       0x24 ./Core/Src/sys.o
 .debug_macro   0x00016623       0x43 ./Core/Src/sys.o
 .debug_macro   0x00016666       0x34 ./Core/Src/sys.o
 .debug_macro   0x0001669a       0x16 ./Core/Src/sys.o
 .debug_macro   0x000166b0       0x3c ./Core/Src/sys.o
 .debug_macro   0x000166ec      0x370 ./Core/Src/sys.o
 .debug_macro   0x00016a5c       0x10 ./Core/Src/sys.o
 .debug_macro   0x00016a6c       0x16 ./Core/Src/sys.o
 .debug_macro   0x00016a82       0x4a ./Core/Src/sys.o
 .debug_macro   0x00016acc       0x34 ./Core/Src/sys.o
 .debug_macro   0x00016b00       0x10 ./Core/Src/sys.o
 .debug_macro   0x00016b10       0x58 ./Core/Src/sys.o
 .debug_macro   0x00016b68       0x8e ./Core/Src/sys.o
 .debug_macro   0x00016bf6       0x1c ./Core/Src/sys.o
 .debug_macro   0x00016c12      0x185 ./Core/Src/sys.o
 .debug_macro   0x00016d97       0x16 ./Core/Src/sys.o
 .debug_macro   0x00016dad       0x16 ./Core/Src/sys.o
 .debug_macro   0x00016dc3      0x146 ./Core/Src/sys.o
 .debug_macro   0x00016f09       0x5e ./Core/Src/sys.o
 .debug_macro   0x00016f67       0x16 ./Core/Src/sys.o
 .debug_macro   0x00016f7d       0x20 ./Core/Src/sys.o
 .debug_macro   0x00016f9d      0x1a3 ./Core/Src/system_stm32f1xx.o
 .debug_macro   0x00017140      0x1d8 ./Core/Src/tim.o
 .debug_macro   0x00017318      0x2cb ./Core/Src/uart_protocol.o
 .debug_macro   0x000175e3       0x10 ./Core/Src/uart_protocol.o
 .debug_macro   0x000175f3      0x1e3 ./Core/Src/usart.o
 .debug_macro   0x000177d6       0x10 ./Core/Src/usart.o
 .debug_macro   0x000177e6      0x1c7 ./Drivers/STM32F1xx_HAL_Driver/Src/stm32f1xx_hal.o
 .debug_macro   0x000179ad      0x1a3 ./Drivers/STM32F1xx_HAL_Driver/Src/stm32f1xx_hal_cortex.o
 .debug_macro   0x00017b50      0x1a3 ./Drivers/STM32F1xx_HAL_Driver/Src/stm32f1xx_hal_dma.o
 .debug_macro   0x00017cf3      0x20e ./Drivers/STM32F1xx_HAL_Driver/Src/stm32f1xx_hal_gpio.o
 .debug_macro   0x00017f01      0x1b5 ./Drivers/STM32F1xx_HAL_Driver/Src/stm32f1xx_hal_rcc.o
 .debug_macro   0x000180b6      0x1a4 ./Drivers/STM32F1xx_HAL_Driver/Src/stm32f1xx_hal_tim.o
 .debug_macro   0x0001825a      0x1a3 ./Drivers/STM32F1xx_HAL_Driver/Src/stm32f1xx_hal_tim_ex.o
 .debug_macro   0x000183fd      0x1a4 ./Drivers/STM32F1xx_HAL_Driver/Src/stm32f1xx_hal_uart.o

.debug_line     0x00000000     0xf985
 .debug_line    0x00000000      0x67f ./Core/Src/dma.o
 .debug_line    0x0000067f      0x6a1 ./Core/Src/gpio.o
 .debug_line    0x00000d20      0xbf9 ./Core/Src/main.o
 .debug_line    0x00001919      0x684 ./Core/Src/stm32f1xx_hal_msp.o
 .debug_line    0x00001f9d      0x7d5 ./Core/Src/stm32f1xx_it.o
 .debug_line    0x00002772      0x986 ./Core/Src/sys.o
 .debug_line    0x000030f8      0x6ec ./Core/Src/system_stm32f1xx.o
 .debug_line    0x000037e4      0x6fb ./Core/Src/tim.o
 .debug_line    0x00003edf      0x95c ./Core/Src/uart_protocol.o
 .debug_line    0x0000483b      0x832 ./Core/Src/usart.o
 .debug_line    0x0000506d       0x78 ./Core/Startup/startup_stm32f103c8tx.o
 .debug_line    0x000050e5      0x91d ./Drivers/STM32F1xx_HAL_Driver/Src/stm32f1xx_hal.o
 .debug_line    0x00005a02      0xae7 ./Drivers/STM32F1xx_HAL_Driver/Src/stm32f1xx_hal_cortex.o
 .debug_line    0x000064e9      0xd27 ./Drivers/STM32F1xx_HAL_Driver/Src/stm32f1xx_hal_dma.o
 .debug_line    0x00007210      0x97a ./Drivers/STM32F1xx_HAL_Driver/Src/stm32f1xx_hal_gpio.o
 .debug_line    0x00007b8a      0xdd6 ./Drivers/STM32F1xx_HAL_Driver/Src/stm32f1xx_hal_rcc.o
 .debug_line    0x00008960     0x340b ./Drivers/STM32F1xx_HAL_Driver/Src/stm32f1xx_hal_tim.o
 .debug_line    0x0000bd6b     0x17e1 ./Drivers/STM32F1xx_HAL_Driver/Src/stm32f1xx_hal_tim_ex.o
 .debug_line    0x0000d54c     0x2439 ./Drivers/STM32F1xx_HAL_Driver/Src/stm32f1xx_hal_uart.o

.debug_str      0x00000000    0x8ad9d
 .debug_str     0x00000000    0x8ad9d ./Core/Src/dma.o
                              0x83d52 (size before relaxing)
 .debug_str     0x0008ad9d    0x83af4 ./Core/Src/gpio.o
 .debug_str     0x0008ad9d    0x8454e ./Core/Src/main.o
 .debug_str     0x0008ad9d    0x83a7c ./Core/Src/stm32f1xx_hal_msp.o
 .debug_str     0x0008ad9d    0x8405f ./Core/Src/stm32f1xx_it.o
 .debug_str     0x0008ad9d    0x87b17 ./Core/Src/sys.o
 .debug_str     0x0008ad9d    0x8378a ./Core/Src/system_stm32f1xx.o
 .debug_str     0x0008ad9d    0x84082 ./Core/Src/tim.o
 .debug_str     0x0008ad9d    0x86d65 ./Core/Src/uart_protocol.o
 .debug_str     0x0008ad9d    0x8434c ./Core/Src/usart.o
 .debug_str     0x0008ad9d       0x6b ./Core/Startup/startup_stm32f103c8tx.o
 .debug_str     0x0008ad9d    0x83ebd ./Drivers/STM32F1xx_HAL_Driver/Src/stm32f1xx_hal.o
 .debug_str     0x0008ad9d    0x83e09 ./Drivers/STM32F1xx_HAL_Driver/Src/stm32f1xx_hal_cortex.o
 .debug_str     0x0008ad9d    0x83b33 ./Drivers/STM32F1xx_HAL_Driver/Src/stm32f1xx_hal_dma.o
 .debug_str     0x0008ad9d    0x83b10 ./Drivers/STM32F1xx_HAL_Driver/Src/stm32f1xx_hal_gpio.o
 .debug_str     0x0008ad9d    0x83bb9 ./Drivers/STM32F1xx_HAL_Driver/Src/stm32f1xx_hal_rcc.o
 .debug_str     0x0008ad9d    0x84bbb ./Drivers/STM32F1xx_HAL_Driver/Src/stm32f1xx_hal_tim.o
 .debug_str     0x0008ad9d    0x843c7 ./Drivers/STM32F1xx_HAL_Driver/Src/stm32f1xx_hal_tim_ex.o
 .debug_str     0x0008ad9d    0x8422a ./Drivers/STM32F1xx_HAL_Driver/Src/stm32f1xx_hal_uart.o

.comment        0x00000000       0x43
 .comment       0x00000000       0x43 ./Core/Src/dma.o
                                 0x44 (size before relaxing)
 .comment       0x00000043       0x44 ./Core/Src/gpio.o
 .comment       0x00000043       0x44 ./Core/Src/main.o
 .comment       0x00000043       0x44 ./Core/Src/stm32f1xx_hal_msp.o
 .comment       0x00000043       0x44 ./Core/Src/stm32f1xx_it.o
 .comment       0x00000043       0x44 ./Core/Src/sys.o
 .comment       0x00000043       0x44 ./Core/Src/system_stm32f1xx.o
 .comment       0x00000043       0x44 ./Core/Src/tim.o
 .comment       0x00000043       0x44 ./Core/Src/uart_protocol.o
 .comment       0x00000043       0x44 ./Core/Src/usart.o
 .comment       0x00000043       0x44 ./Drivers/STM32F1xx_HAL_Driver/Src/stm32f1xx_hal.o
 .comment       0x00000043       0x44 ./Drivers/STM32F1xx_HAL_Driver/Src/stm32f1xx_hal_cortex.o
 .comment       0x00000043       0x44 ./Drivers/STM32F1xx_HAL_Driver/Src/stm32f1xx_hal_dma.o
 .comment       0x00000043       0x44 ./Drivers/STM32F1xx_HAL_Driver/Src/stm32f1xx_hal_gpio.o
 .comment       0x00000043       0x44 ./Drivers/STM32F1xx_HAL_Driver/Src/stm32f1xx_hal_rcc.o
 .comment       0x00000043       0x44 ./Drivers/STM32F1xx_HAL_Driver/Src/stm32f1xx_hal_tim.o
 .comment       0x00000043       0x44 ./Drivers/STM32F1xx_HAL_Driver/Src/stm32f1xx_hal_tim_ex.o
 .comment       0x00000043       0x44 ./Drivers/STM32F1xx_HAL_Driver/Src/stm32f1xx_hal_uart.o

.debug_frame    0x00000000     0x36c8
 .debug_frame   0x00000000       0x34 ./Core/Src/dma.o
 .debug_frame   0x00000034       0x34 ./Core/Src/gpio.o
 .debug_frame   0x00000068      0x300 ./Core/Src/main.o
 .debug_frame   0x00000368       0x38 ./Core/Src/stm32f1xx_hal_msp.o
 .debug_frame   0x000003a0      0x17c ./Core/Src/stm32f1xx_it.o
 .debug_frame   0x0000051c      0x118 ./Core/Src/sys.o
 .debug_frame   0x00000634       0x58 ./Core/Src/system_stm32f1xx.o
 .debug_frame   0x0000068c       0x84 ./Core/Src/tim.o
 .debug_frame   0x00000710       0xa0 ./Core/Src/uart_protocol.o
 .debug_frame   0x000007b0       0xd0 ./Core/Src/usart.o
 .debug_frame   0x00000880      0x334 ./Drivers/STM32F1xx_HAL_Driver/Src/stm32f1xx_hal.o
 .debug_frame   0x00000bb4      0x428 ./Drivers/STM32F1xx_HAL_Driver/Src/stm32f1xx_hal_cortex.o
 .debug_frame   0x00000fdc      0x208 ./Drivers/STM32F1xx_HAL_Driver/Src/stm32f1xx_hal_dma.o
 .debug_frame   0x000011e4      0x14c ./Drivers/STM32F1xx_HAL_Driver/Src/stm32f1xx_hal_gpio.o
 .debug_frame   0x00001330      0x218 ./Drivers/STM32F1xx_HAL_Driver/Src/stm32f1xx_hal_rcc.o
 .debug_frame   0x00001548     0x11b8 ./Drivers/STM32F1xx_HAL_Driver/Src/stm32f1xx_hal_tim.o
 .debug_frame   0x00002700      0x638 ./Drivers/STM32F1xx_HAL_Driver/Src/stm32f1xx_hal_tim_ex.o
 .debug_frame   0x00002d38      0x944 ./Drivers/STM32F1xx_HAL_Driver/Src/stm32f1xx_hal_uart.o
 .debug_frame   0x0000367c       0x20 /home/lab3090/st/stm32cubeide_1.19.0_2/plugins/com.st.stm32cube.ide.mcu.externaltools.gnu-tools-for-stm32.13.3.rel1.linux64_1.0.0.202410170706/tools/bin/../lib/gcc/arm-none-eabi/13.3.1/../../../../arm-none-eabi/lib/thumb/v7-m/nofp/libc_nano.a(libc_a-memset.o)
 .debug_frame   0x0000369c       0x2c /home/lab3090/st/stm32cubeide_1.19.0_2/plugins/com.st.stm32cube.ide.mcu.externaltools.gnu-tools-for-stm32.13.3.rel1.linux64_1.0.0.202410170706/tools/bin/../lib/gcc/arm-none-eabi/13.3.1/../../../../arm-none-eabi/lib/thumb/v7-m/nofp/libc_nano.a(libc_a-init.o)

.debug_line_str
                0x00000000       0x4f
 .debug_line_str
                0x00000000       0x4f ./Core/Startup/startup_stm32f103c8tx.o
