../Core/Src/main.c:206:6:SystemClock_Config	72	static,ignoring_inline_asm
../Core/Src/main.c:267:6:xlSeriesSetDirection	0	static
../Core/Src/main.c:283:6:xlSeriesSendFrame	16	static
../Core/Src/main.c:302:10:updateCRC	8	static
../Core/Src/main.c:360:6:xlSeriesLed	8	static
../Core/Src/main.c:382:6:xlSeriesControlMode	8	static
../Core/Src/main.c:404:6:xlSeriesTorque	8	static
../Core/Src/main.c:426:6:xl320SendPosition	8	static
../Core/Src/main.c:448:6:xl320SendMovingSpeed	8	static
../Core/Src/main.c:246:6:xlSeriesStart	8	static
../Core/Src/main.c:137:5:main	8	static
../Core/Src/main.c:470:6:xl320SendPGain	8	static
../Core/Src/main.c:490:6:xlPowerOff	8	static
../Core/Src/main.c:519:6:Error_Handler	0	static,ignoring_inline_asm
