../Core/Src/main.c:192:6:SystemClock_Config	72	static,ignoring_inline_asm
../Core/Src/main.c:257:6:xlSeriesSetDirection	0	static
../Core/Src/main.c:273:6:xlSeriesSendFrame	16	static
../Core/Src/main.c:292:10:updateCRC	8	static
../Core/Src/main.c:350:6:xlSeriesLed	8	static
../Core/Src/main.c:372:6:xlSeriesControlMode	8	static
../Core/Src/main.c:394:6:xlSeriesTorque	8	static
../Core/Src/main.c:416:6:xl320SendPosition	8	static
../Core/Src/main.c:438:6:xl320SendMovingSpeed	8	static
../Core/Src/main.c:236:6:xlSeriesStart	8	static
../Core/Src/main.c:460:6:xl320SendPGain	8	static
../Core/Src/main.c:480:6:xlPowerOff	8	static
../Core/Src/main.c:511:6:Debug_Print	16	static
../Core/Src/main.c:532:6:xl320ReadPosition	8	static
../Core/Src/main.c:564:9:verifyPositionPacket	0	static
../Core/Src/main.c:584:10:parsePositionValue	0	static
../Core/Src/main.c:595:10:processPositionData	16	static
../Core/Src/main.c:617:10:ReadPositionAndSendToPC	72	static
../Core/Src/main.c:123:5:main	8	static
../Core/Src/main.c:647:6:TestAccuracy	136	static
../Core/Src/main.c:723:6:HAL_UART_RxCpltCallback	0	static
../Core/Src/main.c:734:6:Error_Handler	0	static,ignoring_inline_asm
