../Core/Src/main.c:183:6:SystemClock_Config	72	static,ignoring_inline_asm
../Core/Src/main.c:244:6:xlSeriesSetDirection	0	static
../Core/Src/main.c:260:6:xlSeriesSendFrame	16	static
../Core/Src/main.c:279:10:updateCRC	8	static
../Core/Src/main.c:337:6:xlSeriesLed	8	static
../Core/Src/main.c:359:6:xlSeriesControlMode	8	static
../Core/Src/main.c:381:6:xlSeriesTorque	8	static
../Core/Src/main.c:403:6:xl320SendPosition	8	static
../Core/Src/main.c:464:9:verifyPositionPacket	0	static
../Core/Src/main.c:423:10:xl320ReadPosition	16	static
../Core/Src/main.c:485:10:ReadPositionAndSendToPC	72	static
../Core/Src/main.c:502:6:Control9Servos	16	static
../Core/Src/main.c:520:6:Read9ServosAndSend_Protocol	80	static
../Core/Src/main.c:565:6:xl320RequestMovingStatus	8	static
../Core/Src/main.c:590:9:xl320CheckMovingStatus	16	static
../Core/Src/main.c:631:6:xl320SendMovingSpeed	8	static
../Core/Src/main.c:223:6:xlSeriesStart	8	static
../Core/Src/main.c:109:5:main	8	static
../Core/Src/main.c:653:6:xl320SendPGain	8	static
../Core/Src/main.c:673:6:xlPowerOff	8	static
../Core/Src/main.c:702:6:Error_Handler	0	static,ignoring_inline_asm
