../Core/Src/main.c:189:6:SystemClock_Config	72	static,ignoring_inline_asm
../Core/Src/main.c:250:6:xlSeriesSetDirection	0	static
../Core/Src/main.c:266:6:xlSeriesSendFrame	16	static
../Core/Src/main.c:285:10:updateCRC	8	static
../Core/Src/main.c:343:6:xlSeriesLed	8	static
../Core/Src/main.c:365:6:xlSeriesControlMode	8	static
../Core/Src/main.c:387:6:xlSeriesTorque	8	static
../Core/Src/main.c:409:6:xl320SendPosition	8	static
../Core/Src/main.c:470:9:verifyPositionPacket	0	static
../Core/Src/main.c:429:10:xl320ReadPosition	16	static
../Core/Src/main.c:491:10:ReadPositionAndSendToPC	72	static
../Core/Src/main.c:508:6:Read9ServosAndSend_Protocol	80	static
../Core/Src/main.c:553:6:xl320RequestMovingStatus	8	static
../Core/Src/main.c:578:9:xl320CheckMovingStatus	16	static
../Core/Src/main.c:619:6:xl320SendMovingSpeed	8	static
../Core/Src/main.c:229:6:xlSeriesStart	8	static
../Core/Src/main.c:117:5:main	8	static
../Core/Src/main.c:641:6:xl320SendPGain	8	static
../Core/Src/main.c:661:6:xlPowerOff	8	static
../Core/Src/main.c:690:6:Error_Handler	0	static,ignoring_inline_asm
