../Core/Src/main.c:200:6:SystemClock_Config	72	static,ignoring_inline_asm
../Core/Src/main.c:266:6:xlSeriesSetDirection	0	static
../Core/Src/main.c:282:6:xlSeriesSendFrame	16	static
../Core/Src/main.c:301:10:updateCRC	8	static
../Core/Src/main.c:359:6:xlSeriesLed	8	static
../Core/Src/main.c:381:6:xlSeriesControlMode	8	static
../Core/Src/main.c:403:6:xlSeriesTorque	8	static
../Core/Src/main.c:425:6:xl320SendPosition	8	static
../Core/Src/main.c:447:6:xl320SendMovingSpeed	8	static
../Core/Src/main.c:244:6:xlSeriesStart	8	static
../Core/Src/main.c:469:6:xl320SendPGain	8	static
../Core/Src/main.c:489:6:xlPowerOff	8	static
../Core/Src/main.c:535:6:Debug_Print	0	static
../Core/Src/main.c:549:6:Debug_Println	8	static
../Core/Src/main.c:560:6:xl320ReadPosition	8	static
../Core/Src/main.c:598:9:verifyPositionPacket	0	static
../Core/Src/main.c:618:10:parsePositionValue	0	static
../Core/Src/main.c:629:6:processPositionData	8	static
../Core/Src/main.c:123:5:main	8	static
../Core/Src/main.c:658:6:HAL_UART_RxCpltCallback	0	static
../Core/Src/main.c:669:6:Error_Handler	0	static,ignoring_inline_asm
