../Core/Src/main.c:176:6:SystemClock_Config	72	static,ignoring_inline_asm
../Core/Src/main.c:242:6:xlSeriesSetDirection	0	static
../Core/Src/main.c:258:6:xlSeriesSendFrame	16	static
../Core/Src/main.c:277:10:updateCRC	8	static
../Core/Src/main.c:335:6:xlSeriesLed	8	static
../Core/Src/main.c:357:6:xlSeriesControlMode	8	static
../Core/Src/main.c:379:6:xlSeriesTorque	8	static
../Core/Src/main.c:401:6:xl320SendPosition	8	static
../Core/Src/main.c:423:6:xl320SendMovingSpeed	8	static
../Core/Src/main.c:220:6:xlSeriesStart	8	static
../Core/Src/main.c:110:5:main	8	static
../Core/Src/main.c:445:6:xl320SendPGain	8	static
../Core/Src/main.c:465:6:xl320ReadPosition	8	static
../Core/Src/main.c:483:6:xlPowerOff	8	static
../Core/Src/main.c:514:6:debugFrame	24	static
../Core/Src/main.c:529:6:Error_Handler	0	static,ignoring_inline_asm
