../Core/Src/main.c:204:6:SystemClock_Config	72	static,ignoring_inline_asm
../Core/Src/main.c:265:6:xlSeriesSetDirection	0	static
../Core/Src/main.c:281:6:xlSeriesSendFrame	16	static
../Core/Src/main.c:300:10:updateCRC	8	static
../Core/Src/main.c:358:6:xlSeriesLed	8	static
../Core/Src/main.c:380:6:xlSeriesControlMode	8	static
../Core/Src/main.c:402:6:xlSeriesTorque	8	static
../Core/Src/main.c:424:6:xl320SendPosition	8	static
../Core/Src/main.c:446:6:xl320SendMovingSpeed	8	static
../Core/Src/main.c:244:6:xlSeriesStart	8	static
../Core/Src/main.c:137:5:main	8	static
../Core/Src/main.c:468:6:xl320SendPGain	8	static
../Core/Src/main.c:488:6:xlPowerOff	8	static
../Core/Src/main.c:517:6:Error_Handler	0	static,ignoring_inline_asm
