../Core/Src/main.c:110:5:main	16	static
../Core/Src/main.c:183:6:SystemClock_Config	72	static
../Core/Src/main.c:223:6:xlSeriesStart	16	static
../Core/Src/main.c:244:6:xlSeriesSetDirection	16	static
../Core/Src/main.c:260:6:xlSeriesSendFrame	24	static
../Core/Src/main.c:279:10:updateCRC	24	static
../Core/Src/main.c:337:6:xlSeriesLed	24	static
../Core/Src/main.c:359:6:xlSeriesControlMode	24	static
../Core/Src/main.c:381:6:xlSeriesTorque	24	static
../Core/Src/main.c:403:6:xl320SendPosition	24	static
../Core/Src/main.c:423:10:xl320ReadPosition	24	static
../Core/Src/main.c:464:9:verifyPositionPacket	16	static
../Core/Src/main.c:485:10:ReadPositionAndSendToPC	72	static
../Core/Src/main.c:502:6:Control9Servos	16	static
../Core/Src/main.c:523:6:Read9ServosAndSend_Protocol	96	static
../Core/Src/main.c:568:6:xl320RequestMovingStatus	24	static
../Core/Src/main.c:593:9:xl320CheckMovingStatus	24	static
../Core/Src/main.c:634:6:xl320SendMovingSpeed	24	static
../Core/Src/main.c:656:6:xl320SendPGain	24	static
../Core/Src/main.c:676:6:xlPowerOff	16	static
../Core/Src/main.c:705:6:Error_Handler	4	static,ignoring_inline_asm
